// Jest Snapshot v1, https://goo.gl/fbAQLP

exports[`actions should create add course action 1`] = `
Object {
  "payload": Object {
    "description": "test",
    "id": "123456789",
    "sections": Array [],
    "title": "test",
  },
  "type": "ADD_COURSE",
}
`;

exports[`actions should create remove course action 1`] = `
Object {
  "payload": "123456789",
  "type": "REMOVE_COURSE",
}
`;
