// Jest Snapshot v1, https://goo.gl/fbAQLP

exports[`actions should create new course 1`] = `
Object {
  "payload": Object {
    "description": "test",
    "id": "123",
    "title": "test",
  },
  "type": "ADD_COURSE",
}
`;

exports[`actions should remove course 1`] = `
Object {
  "payload": "123",
  "type": "REMOVE_COURSE",
}
`;
